// Jest Snapshot v1, https://goo.gl/fbAQLP

exports[`connected component test should render with given state from redux store 1`] = `ShallowWrapper {}`;
